{
  "version": "1.2.0",
  "plugins_used": [
    {
      "name": "ArtifactoryDetector"
    },
    {
      "name": "AWSKeyDetector"
    },
    {
      "name": "AzureStorageKeyDetector"
    },
    {
      "name": "Base64HighEntropyString",
      "limit": 4.5
    },
    {
      "name": "BasicAuthDetector"
    },
    {
      "name": "CloudantDetector"
    },
    {
      "name": "GitHubTokenDetector"
    },
    {
      "name": "HexHighEntropyString",
      "limit": 3.0
    },
    {
      "name": "IbmCloudIamDetector"
    },
    {
      "name": "IbmCosHmacDetector"
    },
    {
      "name": "JwtTokenDetector"
    },
    {
      "name": "KeywordDetector",
      "keyword_exclude": ""
    },
    {
      "name": "MailchimpDetector"
    },
    {
      "name": "NpmDetector"
    },
    {
      "name": "PrivateKeyDetector"
    },
    {
      "name": "SendGridDetector"
    },
    {
      "name": "SlackDetector"
    },
    {
      "name": "SoftlayerDetector"
    },
    {
      "name": "SquareOAuthDetector"
    },
    {
      "name": "StripeDetector"
    },
    {
      "name": "TwilioKeyDetector"
    }
  ],
  "filters_used": [
    {
      "path": "detect_secrets.filters.allowlist.is_line_allowlisted"
    },
    {
      "path": "detect_secrets.filters.common.is_baseline_file",
      "filename": ".secrets.baseline"
    },
    {
      "path": "detect_secrets.filters.common.is_ignored_due_to_verification_policies",
      "min_level": 2
    },
    {
      "path": "detect_secrets.filters.heuristic.is_indirect_reference"
    },
    {
      "path": "detect_secrets.filters.heuristic.is_likely_id_string"
    },
    {
      "path": "detect_secrets.filters.heuristic.is_lock_file"
    },
    {
      "path": "detect_secrets.filters.heuristic.is_not_alphanumeric_string"
    },
    {
      "path": "detect_secrets.filters.heuristic.is_potential_uuid"
    },
    {
      "path": "detect_secrets.filters.heuristic.is_prefixed_with_dollar_sign"
    },
    {
      "path": "detect_secrets.filters.heuristic.is_sequential_string"
    },
    {
      "path": "detect_secrets.filters.heuristic.is_swagger_file"
    },
    {
      "path": "detect_secrets.filters.heuristic.is_templated_secret"
    }
  ],
  "results": {
    "acm-applications/ansible-automation-platform/automationcontroller.yaml": [
      {
        "type": "Secret Keyword",
        "filename": "acm-applications/ansible-automation-platform/automationcontroller.yaml",
        "hashed_secret": "84368e66124ee89740b25069b1ecf9262903ebfe",
        "is_verified": false,
        "line_number": 15
      },
      {
        "type": "Secret Keyword",
        "filename": "acm-applications/ansible-automation-platform/automationcontroller.yaml",
        "hashed_secret": "edd8fabd604bb77a13a6dda946351bf3bf0ec88a",
        "is_verified": false,
        "line_number": 21
      }
    ],
    "acm-applications/ansible-automation-platform/automationhub.yaml": [
      {
        "type": "Secret Keyword",
        "filename": "acm-applications/ansible-automation-platform/automationhub.yaml",
        "hashed_secret": "edd8fabd604bb77a13a6dda946351bf3bf0ec88a",
        "is_verified": false,
        "line_number": 10
      },
      {
        "type": "Secret Keyword",
        "filename": "acm-applications/ansible-automation-platform/automationhub.yaml",
        "hashed_secret": "94180fccd527bbb1819b706c3476e4133eb18872",
        "is_verified": false,
        "line_number": 14
      }
    ],
    "cluster-bootstrap/grafana-dev/base/grafana-dev-config.yaml": [
      {
        "type": "Base64 High Entropy String",
        "filename": "cluster-bootstrap/grafana-dev/base/grafana-dev-config.yaml",
        "hashed_secret": "c484000a9fd888b0ef89df5e39e79e7b35baeea8",
        "is_verified": false,
        "line_number": 3
      }
    ],
    "cluster-bootstrap/grafana-dev/base/grafana-dev-deploy.yaml": [
      {
        "type": "Secret Keyword",
        "filename": "cluster-bootstrap/grafana-dev/base/grafana-dev-deploy.yaml",
        "hashed_secret": "b75174f5753efb65a32418aca7dfe2a5a9948722",
        "is_verified": false,
        "line_number": 96
      },
      {
        "type": "Secret Keyword",
        "filename": "cluster-bootstrap/grafana-dev/base/grafana-dev-deploy.yaml",
        "hashed_secret": "9db6374464c4877bc07d096e9c5d4cbf03225d17",
        "is_verified": false,
        "line_number": 100
      }
    ],
    "cluster-bootstrap/multicluster-observability/base/deploy/multiclusterobservability.yaml": [
      {
        "type": "Secret Keyword",
        "filename": "cluster-bootstrap/multicluster-observability/base/deploy/multiclusterobservability.yaml",
        "hashed_secret": "39e8942edc040b6d4320c0c7d91976a4c960971b",
        "is_verified": false,
        "line_number": 11
      }
    ],
    "cluster-bootstrap/multicluster-observability/overlay/dev-thanos-aws/thanos-storage-aws-secret.yaml": [
      {
        "type": "Secret Keyword",
        "filename": "cluster-bootstrap/multicluster-observability/overlay/dev-thanos-aws/thanos-storage-aws-secret.yaml",
        "hashed_secret": "65e7f9b8ad9cbca800bed168b96231dc62a35333",
        "is_verified": false,
        "line_number": 11
      }
    ],
    "cluster-bootstrap/multicluster-observability/overlay/dev-thanos-azure/thanos-storage-azure-secret.yaml": [
      {
        "type": "Secret Keyword",
        "filename": "cluster-bootstrap/multicluster-observability/overlay/dev-thanos-azure/thanos-storage-azure-secret.yaml",
        "hashed_secret": "21f9a1277e7d27dd39397d12ffb61ac938045503",
        "is_verified": false,
        "line_number": 11
      }
    ],
    "cluster-bootstrap/openshift-gitops/config/argocd.yaml": [
      {
        "type": "Secret Keyword",
        "filename": "cluster-bootstrap/openshift-gitops/config/argocd.yaml",
        "hashed_secret": "5542865d0dab650fb2cce7a27811ef501421cc86",
        "is_verified": false,
        "line_number": 50
      }
    ],
    "operators/ansible-automation-platform/automationhub.yaml": [
      {
        "type": "Secret Keyword",
        "filename": "operators/ansible-automation-platform/automationhub.yaml",
        "hashed_secret": "16cec94de781936ed17c7d2c14394d1fbfc5b2f2",
        "is_verified": false,
        "line_number": 13
      }
    ],
    "operators/cert-manager/postinstall/api.certificate.yaml": [
      {
        "type": "Secret Keyword",
        "filename": "operators/cert-manager/postinstall/api.certificate.yaml",
        "hashed_secret": "ffb2ffa08ce756ce34fc772a38781ccd59381f0b",
        "is_verified": false,
        "line_number": 9
      }
    ],
    "operators/cert-manager/postinstall/apps.certificate.yaml": [
      {
        "type": "Secret Keyword",
        "filename": "operators/cert-manager/postinstall/apps.certificate.yaml",
        "hashed_secret": "9bf55d1a10e8136d34b8acc6f9bab6d97ced4355",
        "is_verified": false,
        "line_number": 9
      }
    ],
    "operators/cluster-backup/enable-cluster-backup/overlays/azure/velero.yaml": [
      {
        "type": "Secret Keyword",
        "filename": "operators/cluster-backup/enable-cluster-backup/overlays/azure/velero.yaml",
        "hashed_secret": "41dcfd71d3a3f18955a353be528bdbdf4b44bef9",
        "is_verified": false,
        "line_number": 25
      }
    ],
    "operators/grafana-dev/grafana-dev-config.yaml": [
      {
        "type": "Base64 High Entropy String",
        "filename": "operators/grafana-dev/grafana-dev-config.yaml",
        "hashed_secret": "c484000a9fd888b0ef89df5e39e79e7b35baeea8",
        "is_verified": false,
        "line_number": 3
      }
    ],
    "operators/grafana-dev/grafana-dev-deploy.yaml": [
      {
        "type": "Secret Keyword",
        "filename": "operators/grafana-dev/grafana-dev-deploy.yaml",
        "hashed_secret": "b75174f5753efb65a32418aca7dfe2a5a9948722",
        "is_verified": false,
        "line_number": 96
      },
      {
        "type": "Secret Keyword",
        "filename": "operators/grafana-dev/grafana-dev-deploy.yaml",
        "hashed_secret": "9db6374464c4877bc07d096e9c5d4cbf03225d17",
        "is_verified": false,
        "line_number": 100
      }
    ],
    "operators/multiclusterobservability/multiclusterobservability.yaml": [
      {
        "type": "Secret Keyword",
        "filename": "operators/multiclusterobservability/multiclusterobservability.yaml",
        "hashed_secret": "39e8942edc040b6d4320c0c7d91976a4c960971b",
        "is_verified": false,
        "line_number": 10
      }
    ],
    "operators/red-hat-advanced-cluster-management/multiclusterhub.yaml": [
      {
        "type": "Secret Keyword",
        "filename": "operators/red-hat-advanced-cluster-management/multiclusterhub.yaml",
        "hashed_secret": "39e8942edc040b6d4320c0c7d91976a4c960971b",
        "is_verified": false,
        "line_number": 10
      }
    ],
    "operators/vector/daemonset.yaml": [
      {
        "type": "Secret Keyword",
        "filename": "operators/vector/daemonset.yaml",
        "hashed_secret": "cf2d2e396b908bc2690aa5cb85ecb5e531e2d81c",
        "is_verified": false,
        "line_number": 80
      },
      {
        "type": "Secret Keyword",
        "filename": "operators/vector/daemonset.yaml",
        "hashed_secret": "2d976688a81e04a3427d4b50b59bd1a2bf8b94b6",
        "is_verified": false,
        "line_number": 84
      }
    ],
    "prometheus-conf/aap-alertmgr-conf-policy.yaml": [
      {
        "type": "Secret Keyword",
        "filename": "prometheus-conf/aap-alertmgr-conf-policy.yaml",
        "hashed_secret": "2e08a22ddf8ebd4aaa2804ac53bf77bee852e47e",
        "is_verified": false,
        "line_number": 107
      }
    ]
  },
  "generated_at": "2022-07-29T09:56:55Z"
}
